=====================================================
Conda-Forge PyTorch 2.8 Environment Loaded Successfully!
=====================================================

To activate the environment:
  conda activate base

If 'conda activate' fails, use:
  source $CONDA_PREFIX/etc/profile.d/conda.sh && conda activate base

To verify PyTorch installation:
  python -c "import torch; print(f'PyTorch {torch.__version__} CUDA:
{torch.cuda.is_available()}')"

Environment includes:
  - PyTorch 2.8 with CUDA 12.8 support
  - Scientific Python stack (numpy, scipy, pandas)
  - ML libraries (transformers, lightning, timm)
  - Cray PE integration with optimized MPI

For Jupyter notebook support:
  setup-kernel (creates Jupyter kernel for this environment)

For distributed training, load:
  module load aws-ofi-nccl/1.14.2

Ready for single-node and distributed training!
=====================================================

`torch_dtype` is deprecated! Use `dtype` instead!
Loading checkpoint shards:   0%|          | 0/2 [00:00<?, ?it/s]Loading checkpoint shards:  50%|█████     | 1/2 [00:19<00:19, 19.94s/it]Loading checkpoint shards: 100%|██████████| 2/2 [00:35<00:00, 17.16s/it]Loading checkpoint shards: 100%|██████████| 2/2 [00:35<00:00, 17.58s/it]
`trust_remote_code` is not supported anymore.
Please check that the Hugging Face dataset 'allenai/c4' isn't based on a loading script and remove `trust_remote_code`.
If the dataset is based on a loading script, please ask the dataset author to remove it and convert it to a standard format like Parquet.
