python 3.11.13 torch 2.8.0+cu128 transformers 4.56.1
NVIDIA H200, 143771 MiB
NVIDIA H200, 143771 MiB
 layer side  anchor      ppl  candidates
     1  min      -7 4.428192          16
     2  min      -1 4.418335          16
     3  max       1 4.402860          16
     4  min      -7 4.373978          16
     5  min      -6 4.371756          16
     6  max       2 4.371756          16
     7  max       1 4.303657          16
     8  max       1 4.260054          16
     9  max       2 4.260054          16
    10  max       2 4.260054          16
    11  max       1 4.252762          16
    12  max       2 4.252762          16
    13  max       2 4.252762          16
    14  min      -4 4.252441          16
    15  max       2 4.252441          16
    16  max       2 4.252441          16
    17  max       2 4.252441          16
    18  max       3 4.251095          16
    19  max       4 4.250567          16
    20  max       2 4.250567          16
    21  max       4 4.250544          16
    22  max       2 4.250544          16
    23  min      -2 4.249864          16
    24  max       4 4.249365          16
    25  max       4 4.249287          16
    26  min      -6 4.248647          16
    27  min      -6 4.248325          16
    28  min      -1 4.247657          16
    29  max       2 4.247657          16
    30  max       3 4.247057          16
    31  max       5 4.246246          16
    32  max       2 4.246246          16
uniform start (every layer max+2)  4.437333
after layer 32  4.246246
evaluations  512
